../Drivers/STM32U0xx_HAL_Driver/Src/stm32u0xx_hal_i2c.c:6628:13:I2C_Flush_TXDR	0	static
../Drivers/STM32U0xx_HAL_Driver/Src/stm32u0xx_hal_i2c.c:7197:13:I2C_TransferConfig	12	static
../Drivers/STM32U0xx_HAL_Driver/Src/stm32u0xx_hal_i2c.c:7224:13:I2C_Enable_IRQ	8	static
../Drivers/STM32U0xx_HAL_Driver/Src/stm32u0xx_hal_i2c.c:7319:13:I2C_Disable_IRQ	8	static
../Drivers/STM32U0xx_HAL_Driver/Src/stm32u0xx_hal_i2c.c:7056:26:I2C_IsErrorOccurred	32	static
../Drivers/STM32U0xx_HAL_Driver/Src/stm32u0xx_hal_i2c.c:6900:26:I2C_WaitOnTXISFlagUntilTimeout	24	static
../Drivers/STM32U0xx_HAL_Driver/Src/stm32u0xx_hal_i2c.c:6860:26:I2C_WaitOnFlagUntilTimeout	24	static
../Drivers/STM32U0xx_HAL_Driver/Src/stm32u0xx_hal_i2c.c:6941:26:I2C_WaitOnSTOPFlagUntilTimeout	24	static
../Drivers/STM32U0xx_HAL_Driver/Src/stm32u0xx_hal_i2c.c:6979:26:I2C_WaitOnRXNEFlagUntilTimeout	32	static
../Drivers/STM32U0xx_HAL_Driver/Src/stm32u0xx_hal_i2c.c:7382:13:I2C_ConvertOtherXferOptions	0	static
../Drivers/STM32U0xx_HAL_Driver/Src/stm32u0xx_hal_i2c.c:702:13:HAL_I2C_MspInit	0	static
../Drivers/STM32U0xx_HAL_Driver/Src/stm32u0xx_hal_i2c.c:541:19:HAL_I2C_Init	16	static
../Drivers/STM32U0xx_HAL_Driver/Src/stm32u0xx_hal_i2c.c:718:13:HAL_I2C_MspDeInit	0	static
../Drivers/STM32U0xx_HAL_Driver/Src/stm32u0xx_hal_i2c.c:656:19:HAL_I2C_DeInit	16	static
../Drivers/STM32U0xx_HAL_Driver/Src/stm32u0xx_hal_i2c.c:1125:19:HAL_I2C_Master_Transmit	40	static
../Drivers/STM32U0xx_HAL_Driver/Src/stm32u0xx_hal_i2c.c:1244:19:HAL_I2C_Master_Receive	40	static
../Drivers/STM32U0xx_HAL_Driver/Src/stm32u0xx_hal_i2c.c:1362:19:HAL_I2C_Slave_Transmit	48	static
../Drivers/STM32U0xx_HAL_Driver/Src/stm32u0xx_hal_i2c.c:1549:19:HAL_I2C_Slave_Receive	48	static
../Drivers/STM32U0xx_HAL_Driver/Src/stm32u0xx_hal_i2c.c:1679:19:HAL_I2C_Master_Transmit_IT	40	static
../Drivers/STM32U0xx_HAL_Driver/Src/stm32u0xx_hal_i2c.c:1750:19:HAL_I2C_Master_Receive_IT	40	static
../Drivers/STM32U0xx_HAL_Driver/Src/stm32u0xx_hal_i2c.c:1819:19:HAL_I2C_Slave_Transmit_IT	24	static
../Drivers/STM32U0xx_HAL_Driver/Src/stm32u0xx_hal_i2c.c:1883:19:HAL_I2C_Slave_Receive_IT	24	static
../Drivers/STM32U0xx_HAL_Driver/Src/stm32u0xx_hal_i2c.c:1936:19:HAL_I2C_Master_Transmit_DMA	40	static
../Drivers/STM32U0xx_HAL_Driver/Src/stm32u0xx_hal_i2c.c:2083:19:HAL_I2C_Master_Receive_DMA	40	static
../Drivers/STM32U0xx_HAL_Driver/Src/stm32u0xx_hal_i2c.c:2228:19:HAL_I2C_Slave_Transmit_DMA	32	static
../Drivers/STM32U0xx_HAL_Driver/Src/stm32u0xx_hal_i2c.c:2364:19:HAL_I2C_Slave_Receive_DMA	32	static
../Drivers/STM32U0xx_HAL_Driver/Src/stm32u0xx_hal_i2c.c:2474:19:HAL_I2C_Mem_Write	48	static
../Drivers/STM32U0xx_HAL_Driver/Src/stm32u0xx_hal_i2c.c:2611:19:HAL_I2C_Mem_Read	48	static
../Drivers/STM32U0xx_HAL_Driver/Src/stm32u0xx_hal_i2c.c:2748:19:HAL_I2C_Mem_Write_IT	48	static
../Drivers/STM32U0xx_HAL_Driver/Src/stm32u0xx_hal_i2c.c:2836:19:HAL_I2C_Mem_Read_IT	48	static
../Drivers/STM32U0xx_HAL_Driver/Src/stm32u0xx_hal_i2c.c:2924:19:HAL_I2C_Mem_Write_DMA	48	static
../Drivers/STM32U0xx_HAL_Driver/Src/stm32u0xx_hal_i2c.c:3070:19:HAL_I2C_Mem_Read_DMA	48	static
../Drivers/STM32U0xx_HAL_Driver/Src/stm32u0xx_hal_i2c.c:3216:19:HAL_I2C_IsDeviceReady	56	static
../Drivers/STM32U0xx_HAL_Driver/Src/stm32u0xx_hal_i2c.c:3342:19:HAL_I2C_Master_Seq_Transmit_IT	40	static
../Drivers/STM32U0xx_HAL_Driver/Src/stm32u0xx_hal_i2c.c:3434:19:HAL_I2C_Master_Seq_Transmit_DMA	48	static
../Drivers/STM32U0xx_HAL_Driver/Src/stm32u0xx_hal_i2c.c:3603:19:HAL_I2C_Master_Seq_Receive_IT	40	static
../Drivers/STM32U0xx_HAL_Driver/Src/stm32u0xx_hal_i2c.c:3691:19:HAL_I2C_Master_Seq_Receive_DMA	48	static
../Drivers/STM32U0xx_HAL_Driver/Src/stm32u0xx_hal_i2c.c:3858:19:HAL_I2C_Slave_Seq_Transmit_IT	40	static
../Drivers/STM32U0xx_HAL_Driver/Src/stm32u0xx_hal_i2c.c:3961:19:HAL_I2C_Slave_Seq_Transmit_DMA	40	static
../Drivers/STM32U0xx_HAL_Driver/Src/stm32u0xx_hal_i2c.c:4146:19:HAL_I2C_Slave_Seq_Receive_IT	32	static
../Drivers/STM32U0xx_HAL_Driver/Src/stm32u0xx_hal_i2c.c:4249:19:HAL_I2C_Slave_Seq_Receive_DMA	40	static
../Drivers/STM32U0xx_HAL_Driver/Src/stm32u0xx_hal_i2c.c:4430:19:HAL_I2C_EnableListen_IT	8	static
../Drivers/STM32U0xx_HAL_Driver/Src/stm32u0xx_hal_i2c.c:4454:19:HAL_I2C_DisableListen_IT	16	static
../Drivers/STM32U0xx_HAL_Driver/Src/stm32u0xx_hal_i2c.c:4487:19:HAL_I2C_Master_Abort_IT	32	static
../Drivers/STM32U0xx_HAL_Driver/Src/stm32u0xx_hal_i2c.c:4551:6:HAL_I2C_EV_IRQHandler	8	static
../Drivers/STM32U0xx_HAL_Driver/Src/stm32u0xx_hal_i2c.c:4622:13:HAL_I2C_MasterTxCpltCallback	0	static
../Drivers/STM32U0xx_HAL_Driver/Src/stm32u0xx_hal_i2c.c:4638:13:HAL_I2C_MasterRxCpltCallback	0	static
../Drivers/STM32U0xx_HAL_Driver/Src/stm32u0xx_hal_i2c.c:5914:13:I2C_ITMasterSeqCplt	16	static
../Drivers/STM32U0xx_HAL_Driver/Src/stm32u0xx_hal_i2c.c:4653:13:HAL_I2C_SlaveTxCpltCallback	0	static
../Drivers/STM32U0xx_HAL_Driver/Src/stm32u0xx_hal_i2c.c:4669:13:HAL_I2C_SlaveRxCpltCallback	0	static
../Drivers/STM32U0xx_HAL_Driver/Src/stm32u0xx_hal_i2c.c:5967:13:I2C_ITSlaveSeqCplt	8	static
../Drivers/STM32U0xx_HAL_Driver/Src/stm32u0xx_hal_i2c.c:6701:13:I2C_DMASlaveTransmitCplt	8	static
../Drivers/STM32U0xx_HAL_Driver/Src/stm32u0xx_hal_i2c.c:6781:13:I2C_DMASlaveReceiveCplt	8	static
../Drivers/STM32U0xx_HAL_Driver/Src/stm32u0xx_hal_i2c.c:4687:13:HAL_I2C_AddrCallback	0	static
../Drivers/STM32U0xx_HAL_Driver/Src/stm32u0xx_hal_i2c.c:5819:13:I2C_ITAddrCplt.constprop	32	static
../Drivers/STM32U0xx_HAL_Driver/Src/stm32u0xx_hal_i2c.c:4705:13:HAL_I2C_ListenCpltCallback	0	static
../Drivers/STM32U0xx_HAL_Driver/Src/stm32u0xx_hal_i2c.c:6404:13:I2C_ITListenCplt	8	static
../Drivers/STM32U0xx_HAL_Driver/Src/stm32u0xx_hal_i2c.c:4721:13:HAL_I2C_MemTxCpltCallback	0	static
../Drivers/STM32U0xx_HAL_Driver/Src/stm32u0xx_hal_i2c.c:4737:13:HAL_I2C_MemRxCpltCallback	0	static
../Drivers/STM32U0xx_HAL_Driver/Src/stm32u0xx_hal_i2c.c:4753:13:HAL_I2C_ErrorCallback	0	static
../Drivers/STM32U0xx_HAL_Driver/Src/stm32u0xx_hal_i2c.c:4769:13:HAL_I2C_AbortCpltCallback	0	static
../Drivers/STM32U0xx_HAL_Driver/Src/stm32u0xx_hal_i2c.c:6590:13:I2C_TreatErrorCallback	8	static
../Drivers/STM32U0xx_HAL_Driver/Src/stm32u0xx_hal_i2c.c:6455:13:I2C_ITError	16	static
../Drivers/STM32U0xx_HAL_Driver/Src/stm32u0xx_hal_i2c.c:6043:13:I2C_ITMasterCplt	32	static
../Drivers/STM32U0xx_HAL_Driver/Src/stm32u0xx_hal_i2c.c:4852:26:I2C_Master_ISR_IT	32	static
../Drivers/STM32U0xx_HAL_Driver/Src/stm32u0xx_hal_i2c.c:5422:26:I2C_Mem_ISR_DMA	24	static
../Drivers/STM32U0xx_HAL_Driver/Src/stm32u0xx_hal_i2c.c:5282:26:I2C_Master_ISR_DMA	32	static
../Drivers/STM32U0xx_HAL_Driver/Src/stm32u0xx_hal_i2c.c:6810:13:I2C_DMAError	8	static
../Drivers/STM32U0xx_HAL_Driver/Src/stm32u0xx_hal_i2c.c:6650:13:I2C_DMAMasterTransmitCplt	8	static
../Drivers/STM32U0xx_HAL_Driver/Src/stm32u0xx_hal_i2c.c:6730:13:I2C_DMAMasterReceiveCplt	8	static
../Drivers/STM32U0xx_HAL_Driver/Src/stm32u0xx_hal_i2c.c:4998:26:I2C_Mem_ISR_IT	32	static
../Drivers/STM32U0xx_HAL_Driver/Src/stm32u0xx_hal_i2c.c:4570:6:HAL_I2C_ER_IRQHandler	16	static
../Drivers/STM32U0xx_HAL_Driver/Src/stm32u0xx_hal_i2c.c:6186:13:I2C_ITSlaveCplt.constprop	32	static
../Drivers/STM32U0xx_HAL_Driver/Src/stm32u0xx_hal_i2c.c:5570:26:I2C_Slave_ISR_DMA	24	static
../Drivers/STM32U0xx_HAL_Driver/Src/stm32u0xx_hal_i2c.c:5141:26:I2C_Slave_ISR_IT	16	static
../Drivers/STM32U0xx_HAL_Driver/Src/stm32u0xx_hal_i2c.c:6829:13:I2C_DMAAbort	8	static
../Drivers/STM32U0xx_HAL_Driver/Src/stm32u0xx_hal_i2c.c:4804:22:HAL_I2C_GetState	0	static
../Drivers/STM32U0xx_HAL_Driver/Src/stm32u0xx_hal_i2c.c:4816:21:HAL_I2C_GetMode	0	static
../Drivers/STM32U0xx_HAL_Driver/Src/stm32u0xx_hal_i2c.c:4827:10:HAL_I2C_GetError	0	static
